Clean git archive: no .cache, .temp or .venv at start.
PASS: all preserved evidence and screenshot hashes survived Git export.
$ uv sync --locked
warning: `VIRTUAL_ENV=/home/moesegfault/os-labs/.venv` does not match the project environment path `.venv` and will be ignored; use `--active` to target the active environment instead
Using CPython 3.14.7
Creating virtual environment at: .venv
Resolved 9 packages in 0.66ms
Installed 8 packages in 11ms
 + beautifulsoup4==4.15.0
 + certifi==2026.7.22
 + charset-normalizer==3.5.2
 + idna==3.20
 + requests==2.34.2
 + soupsieve==2.10
 + typing-extensions==4.16.0
 + urllib3==2.8.0
EXIT 0

$ make -j2
make -C code TARGETS
make[1]: Entering directory '/home/moesegfault/os-labs/.temp/lab1-clean-delivery/code'
+ cc kern/init/entry.S
+ cc kern/init/init.c
+ cc kern/libs/stdio.c
+ cc kern/driver/console.c
+ cc libs/printfmt.c
+ cc libs/readline.c
+ cc libs/sbi.c
+ cc libs/string.c
+ ld bin/kernel
riscv64-linux-gnu-objcopy bin/kernel --strip-all -O binary bin/ucore.img
make[1]: Leaving directory '/home/moesegfault/os-labs/.temp/lab1-clean-delivery/code'
EXIT 0

$ make doctor
/home/moesegfault/.local/bin/uv run --locked python scripts/check_environment.py code
warning: `VIRTUAL_ENV=/home/moesegfault/os-labs/.venv` does not match the project environment path `.venv` and will be ignored; use `--active` to target the active environment instead
cc       /usr/bin/riscv64-linux-gnu-gcc
ld       /usr/bin/riscv64-linux-gnu-ld
objcopy  /usr/bin/riscv64-linux-gnu-objcopy
objdump  /usr/bin/riscv64-linux-gnu-objdump
qemu     /usr/bin/qemu-system-riscv64
gdb      /usr/bin/gdb-multiarch
EXIT 0

$ make compdb
/home/moesegfault/.local/bin/uv run --locked python scripts/compile_commands.py code
warning: `VIRTUAL_ENV=/home/moesegfault/os-labs/.venv` does not match the project environment path `.venv` and will be ignored; use `--active` to target the active environment instead
Wrote 8 compilation commands to /home/moesegfault/os-labs/.temp/lab1-clean-delivery/compile_commands.json
EXIT 0

$ make smoke
make -C code TARGETS
make[1]: Entering directory '/home/moesegfault/os-labs/.temp/lab1-clean-delivery/code'
make[1]: Nothing to be done for 'TARGETS'.
make[1]: Leaving directory '/home/moesegfault/os-labs/.temp/lab1-clean-delivery/code'
/home/moesegfault/.local/bin/uv run --locked python scripts/check_environment.py code --smoke
warning: `VIRTUAL_ENV=/home/moesegfault/os-labs/.venv` does not match the project environment path `.venv` and will be ignored; use `--active` to target the active environment instead
cc       /usr/bin/riscv64-linux-gnu-gcc
ld       /usr/bin/riscv64-linux-gnu-ld
objcopy  /usr/bin/riscv64-linux-gnu-objcopy
objdump  /usr/bin/riscv64-linux-gnu-objdump
qemu     /usr/bin/qemu-system-riscv64
gdb      /usr/bin/gdb-multiarch
PASS: kernel boot banner observed; log: /home/moesegfault/os-labs/.temp/lab1-clean-delivery/.cache/code/boot.log
EXIT 0

$ make verify
make -C code TARGETS
make[1]: Entering directory '/home/moesegfault/os-labs/.temp/lab1-clean-delivery/code'
make[1]: Nothing to be done for 'TARGETS'.
make[1]: Leaving directory '/home/moesegfault/os-labs/.temp/lab1-clean-delivery/code'
/home/moesegfault/.local/bin/uv run --locked python scripts/verify_lab1.py code
warning: `VIRTUAL_ENV=/home/moesegfault/os-labs/.venv` does not match the project environment path `.venv` and will be ignored; use `--active` to target the active environment instead
PASS: 32 checks; evidence: /home/moesegfault/os-labs/.temp/lab1-clean-delivery/.cache/lab1
EXIT 0

$ cmp /home/moesegfault/os-labs/code/bin/ucore.img code/bin/ucore.img
EXIT 0

$ uv run --locked python scripts/capture_lab1.py
warning: `VIRTUAL_ENV=/home/moesegfault/os-labs/.venv` does not match the project environment path `.venv` and will be ignored; use `--active` to target the active environment instead
Captured real terminal: report/images/01-build.png
Captured real terminal: report/images/02-reset.png
Captured real terminal: report/images/03-entry.png
Captured real terminal: report/images/04-checks.png
Captured real terminal: report/images/05-boot.png
EXIT 0

PASS: clean exported delivery builds, boots, passes 32 checks, matches raw image and reproduces 5 screenshots.
