$ uname -a
Linux kleedaisuki 6.18.33.2-microsoft-standard-WSL2 #1 SMP PREEMPT_DYNAMIC Thu Jun 18 21:54:43 UTC 2026 x86_64 x86_64 x86_64 GNU/Linux

$ riscv64-linux-gnu-gcc --version
riscv64-linux-gnu-gcc (Ubuntu 13.3.0-6ubuntu2~24.04.1) 13.3.0
Copyright (C) 2023 Free Software Foundation, Inc.
This is free software; see the source for copying conditions.  There is NO
warranty; not even for MERCHANTABILITY or FITNESS FOR A PARTICULAR PURPOSE.


$ riscv64-linux-gnu-ld --version
GNU ld (GNU Binutils for Ubuntu) 2.42
Copyright (C) 2024 Free Software Foundation, Inc.
This program is free software; you may redistribute it under the terms of
the GNU General Public License version 3 or (at your option) a later version.
This program has absolutely no warranty.

$ qemu-system-riscv64 --version
QEMU emulator version 8.2.2 (Debian 1:8.2.2+ds-0ubuntu1.18)
Copyright (c) 2003-2023 Fabrice Bellard and the QEMU Project developers

$ gdb-multiarch --version
GNU gdb (Ubuntu 15.1-1ubuntu1~24.04.1) 15.1
Copyright (C) 2024 Free Software Foundation, Inc.
License GPLv3+: GNU GPL version 3 or later <http://gnu.org/licenses/gpl.html>
This is free software: you are free to change and redistribute it.
There is NO WARRANTY, to the extent permitted by law.

$ uv --version
uv 0.12.21 (x86_64-unknown-linux-gnu)

$ uv run --locked python --version
Python 3.14.7

